MySQL Shell 8.0.41

Copyright (c) 2016, 2025, Oracle and/or its affiliates.
Oracle is a registered trademark of Oracle Corporation and/or its affiliates.
Other names may be trademarks of their respective owners.

Type '\help' or '\?' for help; '\quit' to exit.
 MySQL  JS > \sql
Switching to SQL mode... Commands end with ;
 MySQL  SQL > \c --mc root@localhost
Creating a Classic session to 'root@localhost'
Fetching global names for auto-completion... Press ^C to stop.
Your MySQL connection id is 11
Server version: 8.0.41 MySQL Community Server - GPL
No default schema selected; type \use <schema> to set one.
 MySQL  localhost:3306 ssl  SQL > use tdb_eva2;
Default schema set to `tdb_eva2`.
Fetching global names, object names from `tdb_eva2` for auto-completion... Press ^C to stop.
 MySQL  localhost:3306 ssl  tdb_eva2  SQL > CREATE TABLE Profesores (
                                         ->     IDProf INT PRIMARY KEY,
                                         ->     Nombre VARCHAR(50) NOT NULL
                                         -> );
Query OK, 0 rows affected (0.0351 sec)
 MySQL  localhost:3306 ssl  tdb_eva2  SQL >
 MySQL  localhost:3306 ssl  tdb_eva2  SQL > CREATE TABLE Estudiantes (
                                         ->     IDEst INT PRIMARY KEY,
                                         ->     Apellido VARCHAR(50) NOT NULL,
                                         ->     IDProf INT,
                                         ->     Calificacion INT CHECK (Calificacion BETWEEN 0 AND 10),
                                         ->     FOREIGN KEY (IDProf) REFERENCES Profesores(IDProf)
                                         -> );
Query OK, 0 rows affected (0.1121 sec)
 MySQL  localhost:3306 ssl  tdb_eva2  SQL > INSERT INTO Profesores (IDProf, Nombre) VALUES
                                         -> (1, 'Bernasconi'),
                                         -> (2, 'Borner'),
                                         -> (3, 'Schmid');
Query OK, 3 rows affected (0.0159 sec)

Records: 3  Duplicates: 0  Warnings: 0
 MySQL  localhost:3306 ssl  tdb_eva2  SQL >
 MySQL  localhost:3306 ssl  tdb_eva2  SQL > INSERT INTO Estudiantes (IDEst, Apellido, IDProf, Calificacion) VALUES
                                         -> (1, 'Mueller', 3, 5),
                                         -> (2, 'Meier', 2, 4),
                                         -> (3, 'Tobler', 1, 6);
Query OK, 3 rows affected (0.0102 sec)

Records: 3  Duplicates: 0  Warnings: 0
 MySQL  localhost:3306 ssl  tdb_eva2  SQL > CREATE TABLE Clientes (
                                         ->     IDCliente INT PRIMARY KEY,
                                         ->     Nombre VARCHAR(100) NOT NULL,
                                         ->     Direccion VARCHAR(255) NOT NULL
                                         -> );
ERROR: 1050 (42S01): Table 'clientes' already exists
 MySQL  localhost:3306 ssl  tdb_eva2  SQL > CREATE TABLE Cliente (     IDCliente INT PRIMARY KEY,     Nombre VARCHAR(100) NOT NULL,     Direccion VARCHAR(255) NOT NULL );
Query OK, 0 rows affected (0.0507 sec)
 MySQL  localhost:3306 ssl  tdb_eva2  SQL > CREATE TABLE Pedidos (
                                         ->     IDPedido INT PRIMARY KEY,
                                         ->     FechaPedido DATE NOT NULL,
                                         ->     IDCliente INT,
                                         ->     FOREIGN KEY (IDCliente) REFERENCES Clientes(IDCliente)
                                         ->         ON DELETE CASCADE
                                         ->         ON UPDATE CASCADE
                                         -> );
ERROR: 3734 (HY000): Failed to add the foreign key constraint. Missing column 'IDCliente' for constraint 'pedidos_ibfk_1' in the referenced table 'clientes'
 MySQL  localhost:3306 ssl  tdb_eva2  SQL > CREATE TABLE Pedidos (     IDPedido INT PRIMARY KEY,     FechaPedido DATE NOT NULL,     IDCliente INT,     FOREIGN KEY (IDCliente) REFERENCES Cliente(IDCliente)          ON DELETE CASCADE          ON UPDATE CASCADE );
Query OK, 0 rows affected (0.0609 sec)
 MySQL  localhost:3306 ssl  tdb_eva2  SQL > INSERT INTO Clientes (IDCliente, Nombre, Direccion) VALUES
                                         -> (2, 'Value Furniture', 'Plano, TX'),
                                         -> (6, 'Furniture Gallery', 'Boulder, CO');
ERROR: 1054 (42S22): Unknown column 'IDCliente' in 'field list'
 MySQL  localhost:3306 ssl  tdb_eva2  SQL > INSERT INTO Clientes (IDCliente, Nombre, Direccion) VALUES
                                         -> (2, 'Value Furniture', 'Plano, TX'),
                                         -> (6, 'Furniture Gallery', 'Boulder, CO');
ERROR: 1054 (42S22): Unknown column 'IDCliente' in 'field list'
 MySQL  localhost:3306 ssl  tdb_eva2  SQL > INSERT INTO Cliente (IDCliente, Nombre, Direccion) VALUES (2, 'Value Furniture', 'Plano, TX'), (6, 'Furniture Gallery', 'Boulder, CO');
Query OK, 2 rows affected (0.0171 sec)

Records: 2  Duplicates: 0  Warnings: 0
 MySQL  localhost:3306 ssl  tdb_eva2  SQL > INSERT INTO Pedidos (IDPedido, FechaPedido, IDCliente) VALUES
                                         -> (1006, '2004-10-24', 2),
                                         -> (1007, '2004-10-25', 6),
                                         -> (1008, '2004-11-01', 2);
Query OK, 3 rows affected (0.0179 sec)

Records: 3  Duplicates: 0  Warnings: 0
 MySQL  localhost:3306 ssl  tdb_eva2  SQL >