MySQL Shell 8.0.41

Copyright (c) 2016, 2025, Oracle and/or its affiliates.
Oracle is a registered trademark of Oracle Corporation and/or its affiliates.
Other names may be trademarks of their respective owners.

Type '\help' or '\?' for help; '\quit' to exit.
 MySQL  JS > \sql
Switching to SQL mode... Commands end with ;
 MySQL  SQL > \c --mc root@localhost
Creating a Classic session to 'root@localhost'
Fetching global names for auto-completion... Press ^C to stop.
Your MySQL connection id is 9
Server version: 8.0.41 MySQL Community Server - GPL
No default schema selected; type \use <schema> to set one.
 MySQL  localhost:3306 ssl  SQL > show tables;
ERROR: 1046 (3D000): No database selected
 MySQL  localhost:3306 ssl  SQL > use tdb_eva2;
Default schema set to `tdb_eva2`.
Fetching global names, object names from `tdb_eva2` for auto-completion... Press ^C to stop.
 MySQL  localhost:3306 ssl  tdb_eva2  SQL > show tables;
+--------------------+
| Tables_in_tdb_eva2 |
+--------------------+
| bancos             |
| clientes           |
| tarjetas           |
| tarjetasclientes   |
+--------------------+
4 rows in set (0.0156 sec)
 MySQL  localhost:3306 ssl  tdb_eva2  SQL > select * from clientes;
+-----------+-----------------+
| clienteid | nombre          |
+-----------+-----------------+
|         1 | juan, perez     |
|         2 | pedrito, juarez |
|         3 | jose, hernandez |
+-----------+-----------------+
3 rows in set (0.0067 sec)
 MySQL  localhost:3306 ssl  tdb_eva2  SQL > desc tarjetasclientes;
+------------------+------+------+-----+---------+----------------+
| Field            | Type | Null | Key | Default | Extra          |
+------------------+------+------+-----+---------+----------------+
| tarjetacleinteid | int  | NO   | PRI | NULL    | auto_increment |
| clienteid        | int  | NO   | MUL | NULL    |                |
| bancoid          | int  | NO   |     | NULL    |                |
| tarjetaid        | int  | NO   |     | NULL    |                |
+------------------+------+------+-----+---------+----------------+
4 rows in set (0.0058 sec)
 MySQL  localhost:3306 ssl  tdb_eva2  SQL > insert into tarjetasclientes(clienteid, bancoid,tarjetaid)
                                         -> value(10,1,1);
ERROR: 1452 (23000): Cannot add or update a child row: a foreign key constraint fails (`tdb_eva2`.`tarjetasclientes`, CONSTRAINT `tarjetasclientes_ibfk_1` FOREIGN KEY (`clienteid`) REFERENCES `clientes` (`clienteid`))
 MySQL  localhost:3306 ssl  tdb_eva2  SQL > insert into tarjetasclientes(clienteid, bancoid,tarjetaid)  value(2,2,2);
Query OK, 1 row affected (0.0203 sec)
 MySQL  localhost:3306 ssl  tdb_eva2  SQL > select * from tarjetasclientes;
+------------------+-----------+---------+-----------+
| tarjetacleinteid | clienteid | bancoid | tarjetaid |
+------------------+-----------+---------+-----------+
|                2 |         2 |       2 |         2 |
+------------------+-----------+---------+-----------+
1 row in set (0.0008 sec)
 MySQL  localhost:3306 ssl  tdb_eva2  SQL > insert into tarjetasclientes(clienteid, bancoid,tarjetaid)  value(3,1,1);
Query OK, 1 row affected (0.0147 sec)
 MySQL  localhost:3306 ssl  tdb_eva2  SQL > select * from tarjetasclientes;
+------------------+-----------+---------+-----------+
| tarjetacleinteid | clienteid | bancoid | tarjetaid |
+------------------+-----------+---------+-----------+
|                2 |         2 |       2 |         2 |
|                3 |         3 |       1 |         1 |
+------------------+-----------+---------+-----------+
2 rows in set (0.0012 sec)
 MySQL  localhost:3306 ssl  tdb_eva2  SQL > select * from bancos;
+---------+--------------+
| bancoid | nombre_banco |
+---------+--------------+
|       1 | city         |
|       2 | santander    |
|       3 | hsbc         |
|       4 | bbva         |
+---------+--------------+
4 rows in set (0.0036 sec)
 MySQL  localhost:3306 ssl  tdb_eva2  SQL > alter table tarjetasclientes add foreing key(bancoid)
                                         -> references banco(bancoid);
ERROR: 1064 (42000): You have an error in your SQL syntax; check the manual that corresponds to your MySQL server version for the right syntax to use near 'key(bancoid)
references banco(bancoid)' at line 1
 MySQL  localhost:3306 ssl  tdb_eva2  SQL > alter table tarjetasclientes add foreing key(bancoid) references bancos(bancoid);
ERROR: 1064 (42000): You have an error in your SQL syntax; check the manual that corresponds to your MySQL server version for the right syntax to use near 'key(bancoid) references bancos(bancoid)' at line 1
 MySQL  localhost:3306 ssl  tdb_eva2  SQL > alter table tarjetasclientes add foreign key(bancoid) references banco(bancoid);
ERROR: 1824 (HY000): Failed to open the referenced table 'banco'
 MySQL  localhost:3306 ssl  tdb_eva2  SQL > alter table tarjetasclientes add foreign key(bancoid) references bancos(bancoid);
Query OK, 2 rows affected (0.1907 sec)

Records: 2  Duplicates: 0  Warnings: 0
 MySQL  localhost:3306 ssl  tdb_eva2  SQL > show create table tarjetasclientes,
                                         -> ;
ERROR: 1064 (42000): You have an error in your SQL syntax; check the manual that corresponds to your MySQL server version for the right syntax to use near ',' at line 1
 MySQL  localhost:3306 ssl  tdb_eva2  SQL > show create table tarjetasclientes ;
+------------------+------------------------------------------------------------------------------------------------------------------------------------------------------------------------------------------------------------------------------------------------------------------------------------------------------------------------------------------------------------------------------------------------------------------------------------------------------------------------------------------------------------------------------------------------------------------+
| Table            | Create Table



                                                                                      |
+------------------+------------------------------------------------------------------------------------------------------------------------------------------------------------------------------------------------------------------------------------------------------------------------------------------------------------------------------------------------------------------------------------------------------------------------------------------------------------------------------------------------------------------------------------------------------------------+
| tarjetasclientes | CREATE TABLE `tarjetasclientes` (
  `tarjetacleinteid` int NOT NULL AUTO_INCREMENT,
  `clienteid` int NOT NULL,
  `bancoid` int NOT NULL,
  `tarjetaid` int NOT NULL,
  PRIMARY KEY (`tarjetacleinteid`),
  KEY `clienteid` (`clienteid`),
  KEY `bancoid` (`bancoid`),
  CONSTRAINT `tarjetasclientes_ibfk_1` FOREIGN KEY (`clienteid`) REFERENCES `clientes` (`clienteid`),
  CONSTRAINT `tarjetasclientes_ibfk_2` FOREIGN KEY (`bancoid`) REFERENCES `bancos` (`bancoid`)
) ENGINE=InnoDB AUTO_INCREMENT=4 DEFAULT CHARSET=utf8mb4 COLLATE=utf8mb4_0900_ai_ci |
+------------------+------------------------------------------------------------------------------------------------------------------------------------------------------------------------------------------------------------------------------------------------------------------------------------------------------------------------------------------------------------------------------------------------------------------------------------------------------------------------------------------------------------------------------------------------------------------+
1 row in set (0.0095 sec)
 MySQL  localhost:3306 ssl  tdb_eva2  SQL > select * from bancos;
+---------+--------------+
| bancoid | nombre_banco |
+---------+--------------+
|       1 | city         |
|       2 | santander    |
|       3 | hsbc         |
|       4 | bbva         |
+---------+--------------+
4 rows in set (0.0038 sec)
 MySQL  localhost:3306 ssl  tdb_eva2  SQL > insert into tarjetasclientes(clienteid, bancoid,tarjetaid)  value(2,3,2);
Query OK, 1 row affected (0.0134 sec)
 MySQL  localhost:3306 ssl  tdb_eva2  SQL > insert into tarjetasclientes(clienteid, bancoid,tarjetaid)  value(2,4,2);
Query OK, 1 row affected (0.0114 sec)
 MySQL  localhost:3306 ssl  tdb_eva2  SQL > alter table tarjetasclientes add foreign key(tarjetaid) references tarjetas(tarjetaid);
Query OK, 4 rows affected (0.1802 sec)

Records: 4  Duplicates: 0  Warnings: 0
 MySQL  localhost:3306 ssl  tdb_eva2  SQL > show create table tarjetasclientes ;
+------------------+---------------------------------------------------------------------------------------------------------------------------------------------------------------------------------------------------------------------------------------------------------------------------------------------------------------------------------------------------------------------------------------------------------------------------------------------------------------------------------------------------------------------------------------------------------------------------------------------------------------------------------------------------------------------------------------------------------+
| Table            | Create Table




                                                                                                     |
+------------------+---------------------------------------------------------------------------------------------------------------------------------------------------------------------------------------------------------------------------------------------------------------------------------------------------------------------------------------------------------------------------------------------------------------------------------------------------------------------------------------------------------------------------------------------------------------------------------------------------------------------------------------------------------------------------------------------------------+
| tarjetasclientes | CREATE TABLE `tarjetasclientes` (
  `tarjetacleinteid` int NOT NULL AUTO_INCREMENT,
  `clienteid` int NOT NULL,
  `bancoid` int NOT NULL,
  `tarjetaid` int NOT NULL,
  PRIMARY KEY (`tarjetacleinteid`),
  KEY `clienteid` (`clienteid`),
  KEY `bancoid` (`bancoid`),
  KEY `tarjetaid` (`tarjetaid`),
  CONSTRAINT `tarjetasclientes_ibfk_1` FOREIGN KEY (`clienteid`) REFERENCES `clientes` (`clienteid`),
  CONSTRAINT `tarjetasclientes_ibfk_2` FOREIGN KEY (`bancoid`) REFERENCES `bancos` (`bancoid`),
  CONSTRAINT `tarjetasclientes_ibfk_3` FOREIGN KEY (`tarjetaid`) REFERENCES `tarjetas` (`tarjetaid`)
) ENGINE=InnoDB AUTO_INCREMENT=6 DEFAULT CHARSET=utf8mb4 COLLATE=utf8mb4_0900_ai_ci |
+------------------+---------------------------------------------------------------------------------------------------------------------------------------------------------------------------------------------------------------------------------------------------------------------------------------------------------------------------------------------------------------------------------------------------------------------------------------------------------------------------------------------------------------------------------------------------------------------------------------------------------------------------------------------------------------------------------------------------------+
1 row in set (0.0018 sec)
 MySQL  localhost:3306 ssl  tdb_eva2  SQL > insert into tarjetasclientes(clienteid, bancoid,tarjetaid)  value(2,4,4);
ERROR: 1452 (23000): Cannot add or update a child row: a foreign key constraint fails (`tdb_eva2`.`tarjetasclientes`, CONSTRAINT `tarjetasclientes_ibfk_3` FOREIGN KEY (`tarjetaid`) REFERENCES `tarjetas` (`tarjetaid`))
 MySQL  localhost:3306 ssl  tdb_eva2  SQL > delete from tarjetas where tarjetaid =2;
ERROR: 1451 (23000): Cannot delete or update a parent row: a foreign key constraint fails (`tdb_eva2`.`tarjetasclientes`, CONSTRAINT `tarjetasclientes_ibfk_3` FOREIGN KEY (`tarjetaid`) REFERENCES `tarjetas` (`tarjetaid`))
 MySQL  localhost:3306 ssl  tdb_eva2  SQL > show tables;

MySQL Shell 8.0.41

Copyright (c) 2016, 2025, Oracle and/or its affiliates.
Oracle is a registered trademark of Oracle Corporation and/or its affiliates.
Other names may be trademarks of their respective owners.

Type '\help' or '\?' for help; '\quit' to exit.
 MySQL  JS > \sql
Switching to SQL mode... Commands end with ;
 MySQL  SQL > \c --mc root@localhost
Creating a Classic session to 'root@localhost'
Fetching global names for auto-completion... Press ^C to stop.
Your MySQL connection id is 10
Server version: 8.0.41 MySQL Community Server - GPL
No default schema selected; type \use <schema> to set one.
 MySQL  localhost:3306 ssl  SQL > use tdb_eva2;
Default schema set to `tdb_eva2`.
Fetching global names, object names from `tdb_eva2` for auto-completion... Press ^C to stop.
 MySQL  localhost:3306 ssl  tdb_eva2  SQL > show tables;
+--------------------+
| Tables_in_tdb_eva2 |
+--------------------+
| bancos             |
| clientes           |
| tarjetas           |
| tarjetasclientes   |
+--------------------+
4 rows in set (0.0034 sec)
 MySQL  localhost:3306 ssl  tdb_eva2  SQL > create table direccion_cliente(direccion_cliente_id int not null auto_increment key, calle varchar(50) not null, numero int  not null, colonia varchar(50) not null, cp int not null, cuidad varchar(50), estado varchar(50) not null, pais varchar(50) not null, foreign key(clienteid) references clientes(clienteid));
ERROR: 1072 (42000): Key column 'clienteid' doesn't exist in table
 MySQL  localhost:3306 ssl  tdb_eva2  SQL > create table direccion_cliente(direccion_cliente_id int not null auto_increment key, calle varchar(50) not null, numero int  not null, colonia varchar(50) not null, cp int not null, cuidad varchar(50), estado varchar(50) not null, pais varchar(50) not null, foreign key(clienteid) references clientes(clienteid));
ERROR: 1072 (42000): Key column 'clienteid' doesn't exist in table
 MySQL  localhost:3306 ssl  tdb_eva2  SQL > desc clientes;
+-----------+-------------+------+-----+---------+----------------+
| Field     | Type        | Null | Key | Default | Extra          |
+-----------+-------------+------+-----+---------+----------------+
| clienteid | int         | NO   | PRI | NULL    | auto_increment |
| nombre    | varchar(50) | YES  |     | NULL    |                |
+-----------+-------------+------+-----+---------+----------------+
2 rows in set (0.0048 sec)
 MySQL  localhost:3306 ssl  tdb_eva2  SQL > create table direccion_cliente(direccion_cliente_id int not null auto_increment key, calle varchar(50) not null, numero int  not null, colonia varchar(50) not null, cp int not null, cuidad varchar(50), estado varchar(50) not null, pais varchar(50) not null, foreign key(clienteid) references clientes(clienteid));
ERROR: 1072 (42000): Key column 'clienteid' doesn't exist in table
 MySQL  localhost:3306 ssl  tdb_eva2  SQL >                     